---
source: scripts/tests/mika_tests.rs
expression: output
---
Usage: 

Commands:
  summary         Summarize commits in markdown format, for quick PR descriptions
  branch-summary  Summarize the commits on the given branch, before any other local branch is reached. Defaults to the current branch
  share-patch     Share a patch in a PR for the given commit, or the current HEAD if not specified
  path            Get a path to repo files, relative to the git repo root. The files don't need to exist
  mrs-summary     Display a markdown summary of GitLab merge requests from a JSON file
  help            Print this message or the help of the given subcommand(s)

Options:
  -h, --help     Print help
  -V, --version  Print version
